Archive member included to satisfy reference by file (symbol)

c:/program files (x86)/microchip/xc8/v2.05/avr/bin/../lib/gcc/avr/5.4.0/avrxmega3/short-calls\libgcc.a(_divmodhi4.o)
                              build/default/debug/main.o (__divmodhi4)
c:/program files (x86)/microchip/xc8/v2.05/avr/bin/../lib/gcc/avr/5.4.0/avrxmega3/short-calls\libgcc.a(_exit.o)
                              C:/Program Files (x86)/Microchip/xc8/v2.05/dfp/gcc/dev/attiny412/avrxmega3/short-calls/crtattiny412.o (exit)
c:/program files (x86)/microchip/xc8/v2.05/avr/bin/../lib/gcc/avr/5.4.0/avrxmega3/short-calls\libgcc.a(_copy_data.o)
                              build/default/debug/main.o (__do_copy_data)
c:/program files (x86)/microchip/xc8/v2.05/avr/bin/../lib/gcc/avr/5.4.0/avrxmega3/short-calls\libgcc.a(_udivmodhi4.o)
                              c:/program files (x86)/microchip/xc8/v2.05/avr/bin/../lib/gcc/avr/5.4.0/avrxmega3/short-calls\libgcc.a(_divmodhi4.o) (__udivmodhi4)

Allocating common symbols
Common symbol       size              file

_voice0Out          0x1               build/default/debug/main.o
_pitchBend1         0x2               build/default/debug/main.o
_voice2Out          0x1               build/default/debug/main.o
_pitchBend2         0x2               build/default/debug/main.o
_voice1Out          0x1               build/default/debug/main.o
_pitchBend0         0x2               build/default/debug/main.o
_pitchBendVal       0x1               build/default/debug/main.o

Discarded input sections

 .data          0x00000000        0x0 C:/Program Files (x86)/Microchip/xc8/v2.05/dfp/gcc/dev/attiny412/avrxmega3/short-calls/crtattiny412.o
 .bss           0x00000000        0x0 C:/Program Files (x86)/Microchip/xc8/v2.05/dfp/gcc/dev/attiny412/avrxmega3/short-calls/crtattiny412.o
 .text          0x00000000        0x0 build/default/debug/main.o
 .data          0x00000000        0x0 build/default/debug/main.o
 .bss           0x00000000        0x0 build/default/debug/main.o
 .avr.prop      0x00000000       0x16 build/default/debug/main.o
 .text          0x00000000        0x0 c:/program files (x86)/microchip/xc8/v2.05/avr/bin/../lib/gcc/avr/5.4.0/avrxmega3/short-calls\libgcc.a(_divmodhi4.o)
 .data          0x00000000        0x0 c:/program files (x86)/microchip/xc8/v2.05/avr/bin/../lib/gcc/avr/5.4.0/avrxmega3/short-calls\libgcc.a(_divmodhi4.o)
 .bss           0x00000000        0x0 c:/program files (x86)/microchip/xc8/v2.05/avr/bin/../lib/gcc/avr/5.4.0/avrxmega3/short-calls\libgcc.a(_divmodhi4.o)
 .text.libgcc.mul
                0x00000000        0x0 c:/program files (x86)/microchip/xc8/v2.05/avr/bin/../lib/gcc/avr/5.4.0/avrxmega3/short-calls\libgcc.a(_divmodhi4.o)
 .text.libgcc   0x00000000        0x0 c:/program files (x86)/microchip/xc8/v2.05/avr/bin/../lib/gcc/avr/5.4.0/avrxmega3/short-calls\libgcc.a(_divmodhi4.o)
 .text.libgcc.prologue
                0x00000000        0x0 c:/program files (x86)/microchip/xc8/v2.05/avr/bin/../lib/gcc/avr/5.4.0/avrxmega3/short-calls\libgcc.a(_divmodhi4.o)
 .text.libgcc.builtins
                0x00000000        0x0 c:/program files (x86)/microchip/xc8/v2.05/avr/bin/../lib/gcc/avr/5.4.0/avrxmega3/short-calls\libgcc.a(_divmodhi4.o)
 .text.libgcc.fmul
                0x00000000        0x0 c:/program files (x86)/microchip/xc8/v2.05/avr/bin/../lib/gcc/avr/5.4.0/avrxmega3/short-calls\libgcc.a(_divmodhi4.o)
 .text.libgcc.fixed
                0x00000000        0x0 c:/program files (x86)/microchip/xc8/v2.05/avr/bin/../lib/gcc/avr/5.4.0/avrxmega3/short-calls\libgcc.a(_divmodhi4.o)
 .text          0x00000000        0x0 c:/program files (x86)/microchip/xc8/v2.05/avr/bin/../lib/gcc/avr/5.4.0/avrxmega3/short-calls\libgcc.a(_exit.o)
 .data          0x00000000        0x0 c:/program files (x86)/microchip/xc8/v2.05/avr/bin/../lib/gcc/avr/5.4.0/avrxmega3/short-calls\libgcc.a(_exit.o)
 .bss           0x00000000        0x0 c:/program files (x86)/microchip/xc8/v2.05/avr/bin/../lib/gcc/avr/5.4.0/avrxmega3/short-calls\libgcc.a(_exit.o)
 .text.libgcc.mul
                0x00000000        0x0 c:/program files (x86)/microchip/xc8/v2.05/avr/bin/../lib/gcc/avr/5.4.0/avrxmega3/short-calls\libgcc.a(_exit.o)
 .text.libgcc.div
                0x00000000        0x0 c:/program files (x86)/microchip/xc8/v2.05/avr/bin/../lib/gcc/avr/5.4.0/avrxmega3/short-calls\libgcc.a(_exit.o)
 .text.libgcc   0x00000000        0x0 c:/program files (x86)/microchip/xc8/v2.05/avr/bin/../lib/gcc/avr/5.4.0/avrxmega3/short-calls\libgcc.a(_exit.o)
 .text.libgcc.prologue
                0x00000000        0x0 c:/program files (x86)/microchip/xc8/v2.05/avr/bin/../lib/gcc/avr/5.4.0/avrxmega3/short-calls\libgcc.a(_exit.o)
 .text.libgcc.builtins
                0x00000000        0x0 c:/program files (x86)/microchip/xc8/v2.05/avr/bin/../lib/gcc/avr/5.4.0/avrxmega3/short-calls\libgcc.a(_exit.o)
 .text.libgcc.fmul
                0x00000000        0x0 c:/program files (x86)/microchip/xc8/v2.05/avr/bin/../lib/gcc/avr/5.4.0/avrxmega3/short-calls\libgcc.a(_exit.o)
 .text.libgcc.fixed
                0x00000000        0x0 c:/program files (x86)/microchip/xc8/v2.05/avr/bin/../lib/gcc/avr/5.4.0/avrxmega3/short-calls\libgcc.a(_exit.o)
 .text          0x00000000        0x0 c:/program files (x86)/microchip/xc8/v2.05/avr/bin/../lib/gcc/avr/5.4.0/avrxmega3/short-calls\libgcc.a(_copy_data.o)
 .data          0x00000000        0x0 c:/program files (x86)/microchip/xc8/v2.05/avr/bin/../lib/gcc/avr/5.4.0/avrxmega3/short-calls\libgcc.a(_copy_data.o)
 .bss           0x00000000        0x0 c:/program files (x86)/microchip/xc8/v2.05/avr/bin/../lib/gcc/avr/5.4.0/avrxmega3/short-calls\libgcc.a(_copy_data.o)
 .text.libgcc.mul
                0x00000000        0x0 c:/program files (x86)/microchip/xc8/v2.05/avr/bin/../lib/gcc/avr/5.4.0/avrxmega3/short-calls\libgcc.a(_copy_data.o)
 .text.libgcc.div
                0x00000000        0x0 c:/program files (x86)/microchip/xc8/v2.05/avr/bin/../lib/gcc/avr/5.4.0/avrxmega3/short-calls\libgcc.a(_copy_data.o)
 .text.libgcc   0x00000000        0x0 c:/program files (x86)/microchip/xc8/v2.05/avr/bin/../lib/gcc/avr/5.4.0/avrxmega3/short-calls\libgcc.a(_copy_data.o)
 .text.libgcc.prologue
                0x00000000        0x0 c:/program files (x86)/microchip/xc8/v2.05/avr/bin/../lib/gcc/avr/5.4.0/avrxmega3/short-calls\libgcc.a(_copy_data.o)
 .text.libgcc.builtins
                0x00000000        0x0 c:/program files (x86)/microchip/xc8/v2.05/avr/bin/../lib/gcc/avr/5.4.0/avrxmega3/short-calls\libgcc.a(_copy_data.o)
 .text.libgcc.fmul
                0x00000000        0x0 c:/program files (x86)/microchip/xc8/v2.05/avr/bin/../lib/gcc/avr/5.4.0/avrxmega3/short-calls\libgcc.a(_copy_data.o)
 .text.libgcc.fixed
                0x00000000        0x0 c:/program files (x86)/microchip/xc8/v2.05/avr/bin/../lib/gcc/avr/5.4.0/avrxmega3/short-calls\libgcc.a(_copy_data.o)
 .text          0x00000000        0x0 c:/program files (x86)/microchip/xc8/v2.05/avr/bin/../lib/gcc/avr/5.4.0/avrxmega3/short-calls\libgcc.a(_udivmodhi4.o)
 .data          0x00000000        0x0 c:/program files (x86)/microchip/xc8/v2.05/avr/bin/../lib/gcc/avr/5.4.0/avrxmega3/short-calls\libgcc.a(_udivmodhi4.o)
 .bss           0x00000000        0x0 c:/program files (x86)/microchip/xc8/v2.05/avr/bin/../lib/gcc/avr/5.4.0/avrxmega3/short-calls\libgcc.a(_udivmodhi4.o)
 .text.libgcc.mul
                0x00000000        0x0 c:/program files (x86)/microchip/xc8/v2.05/avr/bin/../lib/gcc/avr/5.4.0/avrxmega3/short-calls\libgcc.a(_udivmodhi4.o)
 .text.libgcc   0x00000000        0x0 c:/program files (x86)/microchip/xc8/v2.05/avr/bin/../lib/gcc/avr/5.4.0/avrxmega3/short-calls\libgcc.a(_udivmodhi4.o)
 .text.libgcc.prologue
                0x00000000        0x0 c:/program files (x86)/microchip/xc8/v2.05/avr/bin/../lib/gcc/avr/5.4.0/avrxmega3/short-calls\libgcc.a(_udivmodhi4.o)
 .text.libgcc.builtins
                0x00000000        0x0 c:/program files (x86)/microchip/xc8/v2.05/avr/bin/../lib/gcc/avr/5.4.0/avrxmega3/short-calls\libgcc.a(_udivmodhi4.o)
 .text.libgcc.fmul
                0x00000000        0x0 c:/program files (x86)/microchip/xc8/v2.05/avr/bin/../lib/gcc/avr/5.4.0/avrxmega3/short-calls\libgcc.a(_udivmodhi4.o)
 .text.libgcc.fixed
                0x00000000        0x0 c:/program files (x86)/microchip/xc8/v2.05/avr/bin/../lib/gcc/avr/5.4.0/avrxmega3/short-calls\libgcc.a(_udivmodhi4.o)

Memory Configuration

Name             Origin             Length             Attributes
text             0x00000000         0x00001000         xr
data             0x00803f00         0x00000100         rw !x
eeprom           0x00810000         0x00000080         rw !x
fuse             0x00820000         0x00000009         rw !x
lock             0x00830000         0x00000400         rw !x
signature        0x00840000         0x00000400         rw !x
user_signatures  0x00850000         0x00000400         rw !x
*default*        0x00000000         0xffffffff

Linker script and memory map

Address of section .data set to 0x803f00
                0x00008000                __RODATA_PM_OFFSET__ = 0x8000
LOAD C:/Program Files (x86)/Microchip/xc8/v2.05/dfp/gcc/dev/attiny412/avrxmega3/short-calls/crtattiny412.o
                0x00000001                __MPLAB_BUILD = 0x1
LOAD build/default/debug/main.o
START GROUP
LOAD c:/program files (x86)/microchip/xc8/v2.05/avr/bin/../lib/gcc/avr/5.4.0/../../../../avr/lib/avrxmega3/short-calls\libm.a
END GROUP
                0x00000001                __MPLAB_DEBUG = 0x1
                0x00000001                __DEBUG = 0x1
START GROUP
LOAD c:/program files (x86)/microchip/xc8/v2.05/avr/bin/../lib/gcc/avr/5.4.0/avrxmega3/short-calls\libgcc.a
LOAD c:/program files (x86)/microchip/xc8/v2.05/avr/bin/../lib/gcc/avr/5.4.0/../../../../avr/lib/avrxmega3/short-calls\libm.a
LOAD c:/program files (x86)/microchip/xc8/v2.05/avr/bin/../lib/gcc/avr/5.4.0/../../../../avr/lib/avrxmega3/short-calls\libc.a
LOAD C:/Program Files (x86)/Microchip/xc8/v2.05/dfp/gcc/dev/attiny412/avrxmega3/short-calls\libattiny412.a
END GROUP
                [0x00000000]                __TEXT_REGION_ORIGIN__ = DEFINED (__TEXT_REGION_ORIGIN__)?__TEXT_REGION_ORIGIN__:0x0
                [0x00803f00]                __DATA_REGION_ORIGIN__ = DEFINED (__DATA_REGION_ORIGIN__)?__DATA_REGION_ORIGIN__:0x802000
                [0x00001000]                __TEXT_REGION_LENGTH__ = DEFINED (__TEXT_REGION_LENGTH__)?__TEXT_REGION_LENGTH__:0x100000
                [0x00000100]                __DATA_REGION_LENGTH__ = DEFINED (__DATA_REGION_LENGTH__)?__DATA_REGION_LENGTH__:0xffa0
                [0x00000080]                __EEPROM_REGION_LENGTH__ = DEFINED (__EEPROM_REGION_LENGTH__)?__EEPROM_REGION_LENGTH__:0x10000
                [0x00000009]                __FUSE_REGION_LENGTH__ = DEFINED (__FUSE_REGION_LENGTH__)?__FUSE_REGION_LENGTH__:0x400
                0x00000400                __LOCK_REGION_LENGTH__ = DEFINED (__LOCK_REGION_LENGTH__)?__LOCK_REGION_LENGTH__:0x400
                0x00000400                __SIGNATURE_REGION_LENGTH__ = DEFINED (__SIGNATURE_REGION_LENGTH__)?__SIGNATURE_REGION_LENGTH__:0x400
                0x00000400                __USER_SIGNATURE_REGION_LENGTH__ = DEFINED (__USER_SIGNATURE_REGION_LENGTH__)?__USER_SIGNATURE_REGION_LENGTH__:0x400
                0x00008000                __RODATA_PM_OFFSET__ = DEFINED (__RODATA_PM_OFFSET__)?__RODATA_PM_OFFSET__:0x8000

.hash
 *(.hash)

.dynsym
 *(.dynsym)

.dynstr
 *(.dynstr)

.gnu.version
 *(.gnu.version)

.gnu.version_d
 *(.gnu.version_d)

.gnu.version_r
 *(.gnu.version_r)

.rel.init
 *(.rel.init)

.rela.init
 *(.rela.init)

.rel.text
 *(.rel.text)
 *(.rel.text.*)
 *(.rel.gnu.linkonce.t*)

.rela.text
 *(.rela.text)
 *(.rela.text.*)
 *(.rela.gnu.linkonce.t*)

.rel.fini
 *(.rel.fini)

.rela.fini
 *(.rela.fini)

.rel.rodata
 *(.rel.rodata)
 *(.rel.rodata.*)
 *(.rel.gnu.linkonce.r*)

.rela.rodata
 *(.rela.rodata)
 *(.rela.rodata.*)
 *(.rela.gnu.linkonce.r*)

.rel.data
 *(.rel.data)
 *(.rel.data.*)
 *(.rel.gnu.linkonce.d*)

.rela.data
 *(.rela.data)
 *(.rela.data.*)
 *(.rela.gnu.linkonce.d*)

.rel.ctors
 *(.rel.ctors)

.rela.ctors
 *(.rela.ctors)

.rel.dtors
 *(.rel.dtors)

.rela.dtors
 *(.rela.dtors)

.rel.got
 *(.rel.got)

.rela.got
 *(.rela.got)

.rel.bss
 *(.rel.bss)

.rela.bss
 *(.rela.bss)

.rel.plt
 *(.rel.plt)

.rela.plt
 *(.rela.plt)

.text           0x00000000       0xd0
 *(.vectors)
 .vectors       0x00000000       0x34 C:/Program Files (x86)/Microchip/xc8/v2.05/dfp/gcc/dev/attiny412/avrxmega3/short-calls/crtattiny412.o
                0x00000000                __vector_default
                0x00000000                __vectors
 *(.vectors)
 *(.progmem.gcc*)
 .progmem.gcc_sw_table.updateDisplay
                0x00000034       0x10 build/default/debug/main.o
 *(.dinit)
 .dinit         0x00000044       0x3b data_init
                0x00000080                . = ALIGN (0x2)
 *fill*         0x0000007f        0x1 
                0x00000080                __trampolines_start = .
 *(.trampolines)
 .trampolines   0x00000080        0x0 linker stubs
 *(.trampolines*)
                0x00000080                __trampolines_end = .
 *libprintf_flt.a:*(.progmem.data)
 *libc.a:*(.progmem.data)
                0x00000080                . = ALIGN (0x2)
 *(.jumptables)
 *(.jumptables*)
 *(.lowtext)
 *(.lowtext*)
                0x00000080                __ctors_start = .
 *(.ctors)
                0x00000080                __ctors_end = .
                0x00000080                __dtors_start = .
 *(.dtors)
                0x00000080                __dtors_end = .
 SORT(*)(.ctors)
 SORT(*)(.dtors)
 *(.init0)
 .init0         0x00000080        0x0 C:/Program Files (x86)/Microchip/xc8/v2.05/dfp/gcc/dev/attiny412/avrxmega3/short-calls/crtattiny412.o
                0x00000080                __init
 *(.init0)
 *(.init1)
 *(.init1)
 *(.init2)
 .init2         0x00000080        0xc C:/Program Files (x86)/Microchip/xc8/v2.05/dfp/gcc/dev/attiny412/avrxmega3/short-calls/crtattiny412.o
 *(.init2)
 *(.init3)
 *(.init3)
 *(.init4)
 .init4         0x0000008c       0x3c c:/program files (x86)/microchip/xc8/v2.05/avr/bin/../lib/gcc/avr/5.4.0/avrxmega3/short-calls\libgcc.a(_copy_data.o)
                0x0000008c                __do_copy_data
                0x000000ba                __do_clear_bss
 *(.init4)
 *(.init5)
 *(.init5)
 *(.init6)
 *(.init6)
 *(.init7)
 *(.init7)
 *(.init8)
 *(.init8)
 *(.init9)
 .init9         0x000000c8        0x4 C:/Program Files (x86)/Microchip/xc8/v2.05/dfp/gcc/dev/attiny412/avrxmega3/short-calls/crtattiny412.o
 *(.init9)
                0x000000cc                . = ALIGN (0x2)
 *(.fini9)
 .fini9         0x000000cc        0x0 c:/program files (x86)/microchip/xc8/v2.05/avr/bin/../lib/gcc/avr/5.4.0/avrxmega3/short-calls\libgcc.a(_exit.o)
                0x000000cc                _exit
                0x000000cc                exit
 *(.fini9)
 *(.fini8)
 *(.fini8)
 *(.fini7)
 *(.fini7)
 *(.fini6)
 *(.fini6)
 *(.fini5)
 *(.fini5)
 *(.fini4)
 *(.fini4)
 *(.fini3)
 *(.fini3)
 *(.fini2)
 *(.fini2)
 *(.fini1)
 *(.fini1)
 *(.fini0)
 .fini0         0x000000cc        0x4 c:/program files (x86)/microchip/xc8/v2.05/avr/bin/../lib/gcc/avr/5.4.0/avrxmega3/short-calls\libgcc.a(_exit.o)
 *(.fini0)
                0x000000d0                _etext = .

.rodata         0x008080d0       0x18 load address 0x000000d0
 *(.rodata)
 *(.rodata*)
 .rodata.noteFreqLUT
                0x008080d0       0x18 build/default/debug/main.o
 *(.gnu.linkonce.r*)

.data           0x00803f00        0x0 load address 0x000000e8
                [!provide]                PROVIDE (__data_start, .)
 *(.gnu.linkonce.d*)
                0x00803f00                . = ALIGN (0x2)
                0x00803f00                _edata = .
                [!provide]                PROVIDE (__data_end, .)

.bss            0x00803f00        0xa
                [!provide]                PROVIDE (__bss_start, .)
 *(COMMON)
 COMMON         0x00803f00        0xa build/default/debug/main.o
                0x00803f00                _voice0Out
                0x00803f01                _pitchBend1
                0x00803f03                _voice2Out
                0x00803f04                _pitchBend2
                0x00803f06                _voice1Out
                0x00803f07                _pitchBend0
                0x00803f09                _pitchBendVal
                [!provide]                PROVIDE (__bss_end, .)
                0x000000e8                __data_load_start = LOADADDR (.data)
                0x000000e8                __data_load_end = (__data_load_start + SIZEOF (.data))

.noinit         0x00803f0a        0x0
                [!provide]                PROVIDE (__noinit_start, .)
 *(.noinit*)
                [!provide]                PROVIDE (__noinit_end, .)
                0x00803f0a                _end = .

.eeprom         0x00810000        0x0
 *(.eeprom*)
                0x00810000                __eeprom_end = .

.fuse
 *(.fuse)
 *(.lfuse)
 *(.hfuse)
 *(.efuse)

.lock
 *(.lock*)

.signature
 *(.signature*)

.user_signatures
 *(.user_signatures*)

.stab
 *(.stab)

.stabstr
 *(.stabstr)

.stab.excl
 *(.stab.excl)

.stab.exclstr
 *(.stab.exclstr)

.stab.index
 *(.stab.index)

.stab.indexstr
 *(.stab.indexstr)

.comment        0x00000000       0x2f
 *(.comment)
 .comment       0x00000000       0x2f build/default/debug/main.o
                                 0x30 (size before relaxing)

.note.gnu.build-id
 *(.note.gnu.build-id)

.debug
 *(.debug)

.line
 *(.line)

.debug_srcinfo
 *(.debug_srcinfo)

.debug_sfnames
 *(.debug_sfnames)

.debug_aranges  0x00000000       0xe8
 *(.debug_aranges)
 .debug_aranges
                0x00000000       0xe8 build/default/debug/main.o

.debug_pubnames
 *(.debug_pubnames)

.debug_info     0x00000000     0x37fa
 *(.debug_info .gnu.linkonce.wi.*)
 .debug_info    0x00000000     0x1410 C:/Program Files (x86)/Microchip/xc8/v2.05/dfp/gcc/dev/attiny412/avrxmega3/short-calls/crtattiny412.o
 .debug_info    0x00001410     0x23ea build/default/debug/main.o

.debug_abbrev   0x00000000     0x15ab
 *(.debug_abbrev)
 .debug_abbrev  0x00000000     0x12fa C:/Program Files (x86)/Microchip/xc8/v2.05/dfp/gcc/dev/attiny412/avrxmega3/short-calls/crtattiny412.o
 .debug_abbrev  0x000012fa      0x2b1 build/default/debug/main.o

.debug_line     0x00000000      0xc2e
 *(.debug_line .debug_line.* .debug_line_end)
 .debug_line    0x00000000      0x136 C:/Program Files (x86)/Microchip/xc8/v2.05/dfp/gcc/dev/attiny412/avrxmega3/short-calls/crtattiny412.o
 .debug_line    0x00000136      0xaf8 build/default/debug/main.o

.debug_frame    0x00000000      0x2fc
 *(.debug_frame)
 .debug_frame   0x00000000      0x2fc build/default/debug/main.o

.debug_str      0x00000000      0xb45
 *(.debug_str)
 .debug_str     0x00000000      0x89b C:/Program Files (x86)/Microchip/xc8/v2.05/dfp/gcc/dev/attiny412/avrxmega3/short-calls/crtattiny412.o
 .debug_str     0x0000089b      0x2aa build/default/debug/main.o

.debug_loc      0x00000000      0x88d
 *(.debug_loc)
 .debug_loc     0x00000000      0x88d build/default/debug/main.o

.debug_macinfo
 *(.debug_macinfo)

.debug_weaknames
 *(.debug_weaknames)

.debug_funcnames
 *(.debug_funcnames)

.debug_typenames
 *(.debug_typenames)

.debug_varnames
 *(.debug_varnames)

.debug_pubtypes
 *(.debug_pubtypes)

.debug_ranges   0x00000000       0xf0
 *(.debug_ranges)
 .debug_ranges  0x00000000       0xf0 build/default/debug/main.o

.debug_macro
 *(.debug_macro)
OUTPUT(dist/default/debug/ATTINY412_MIDI_BASIC.debug.elf elf32-avr)
LOAD linker stubs
LOAD data_init

.text           0x00000c6e        0x2
 .text          0x00000c6e        0x2 C:/Program Files (x86)/Microchip/xc8/v2.05/dfp/gcc/dev/attiny412/avrxmega3/short-calls/crtattiny412.o
                0x00000c6e                __vector_1
                0x00000c6e                __vector_24
                0x00000c6e                __bad_interrupt
                0x00000c6e                __vector_6
                0x00000c6e                __vector_3
                0x00000c6e                __vector_23
                0x00000c6e                __vector_25
                0x00000c6e                __vector_17
                0x00000c6e                __vector_19
                0x00000c6e                __vector_7
                0x00000c6e                __vector_5
                0x00000c6e                __vector_4
                0x00000c6e                __vector_9
                0x00000c6e                __vector_2
                0x00000c6e                __vector_21
                0x00000c6e                __vector_15
                0x00000c6e                __vector_8
                0x00000c6e                __vector_14
                0x00000c6e                __vector_16
                0x00000c6e                __vector_18
                0x00000c6e                __vector_20

.note.gnu.avr.deviceinfo
                0x00000000       0x3c
 .note.gnu.avr.deviceinfo
                0x00000000       0x3c C:/Program Files (x86)/Microchip/xc8/v2.05/dfp/gcc/dev/attiny412/avrxmega3/short-calls/crtattiny412.o

.text.initClock
                0x00000c52        0xa
 .text.initClock
                0x00000c52        0xa build/default/debug/main.o
                0x00000c52                initClock

.text.initDAC   0x00000bca       0x18
 .text.initDAC  0x00000bca       0x18 build/default/debug/main.o
                0x00000bca                initDAC

.text.initTimers
                0x00000b64       0x24
 .text.initTimers
                0x00000b64       0x24 build/default/debug/main.o
                0x00000b64                initTimers

.text.initMIDIUART
                0x00000b88       0x24
 .text.initMIDIUART
                0x00000b88       0x24 build/default/debug/main.o
                0x00000b88                initMIDIUART

.text.initRGBSPI
                0x00000be2       0x18
 .text.initRGBSPI
                0x00000be2       0x18 build/default/debug/main.o
                0x00000be2                initRGBSPI

.text.initDisplayModePin
                0x00000c44        0xe
 .text.initDisplayModePin
                0x00000c44        0xe build/default/debug/main.o
                0x00000c44                initDisplayModePin

.text.initInterrupts
                0x00000c66        0x8
 .text.initInterrupts
                0x00000c66        0x8 build/default/debug/main.o
                0x00000c66                initInterrupts

.text.sendSPI   0x00000c34       0x10
 .text.sendSPI  0x00000c34       0x10 build/default/debug/main.o
                0x00000c34                sendSPI

.text.getNoteFreq
                0x00000a0c       0x46
 .text.getNoteFreq
                0x00000a0c       0x46 build/default/debug/main.o
                0x00000a0c                getNoteFreq

.text.calcPitchBend
                0x00000856       0xc2
 .text.calcPitchBend
                0x00000856       0xc2 build/default/debug/main.o
                0x00000856                calcPitchBend

.text.calcPitchBends
                0x000009c4       0x48
 .text.calcPitchBends
                0x000009c4       0x48 build/default/debug/main.o
                0x000009c4                calcPitchBends

.text.getNextVoice
                0x00000a52       0x40
 .text.getNextVoice
                0x00000a52       0x40 build/default/debug/main.o
                0x00000a52                getNextVoice

.text.activateVoice
                0x00000a92       0x34
 .text.activateVoice
                0x00000a92       0x34 build/default/debug/main.o
                0x00000a92                activateVoice

.text.deactivateVoice
                0x00000bac       0x1e
 .text.deactivateVoice
                0x00000bac       0x1e build/default/debug/main.o
                0x00000bac                deactivateVoice

.text.noteOff   0x00000918       0x58
 .text.noteOff  0x00000918       0x58 build/default/debug/main.o
                0x00000918                noteOff

.text.noteOn    0x00000970       0x54
 .text.noteOn   0x00000970       0x54 build/default/debug/main.o
                0x00000970                noteOn

.text.sendStartOfFrame
                0x00000c22       0x12
 .text.sendStartOfFrame
                0x00000c22       0x12 build/default/debug/main.o
                0x00000c22                sendStartOfFrame

.text.sendEndOfFrame
                0x00000c5c        0xa
 .text.sendEndOfFrame
                0x00000c5c        0xa build/default/debug/main.o
                0x00000c5c                sendEndOfFrame

.text.blankDisplay
                0x00000b18       0x26
 .text.blankDisplay
                0x00000b18       0x26 build/default/debug/main.o
                0x00000b18                blankDisplay

.text.updateDisplay
                0x000000e8      0x458
 .text.updateDisplay
                0x000000e8      0x458 build/default/debug/main.o
                0x000000e8                updateDisplay

.text.main      0x00000ac6       0x2a
 .text.main     0x00000ac6       0x2a build/default/debug/main.o
                0x00000ac6                main

.text.__vector_22
                0x000006c4       0xce
 .text.__vector_22
                0x000006c4       0xce build/default/debug/main.o
                0x000006c4                __vector_22

.text.__vector_10
                0x00000540      0x184
 .text.__vector_10
                0x00000540      0x184 build/default/debug/main.o
                0x00000540                __vector_10

.text.__vector_11
                0x00000bfa       0x14
 .text.__vector_11
                0x00000bfa       0x14 build/default/debug/main.o
                0x00000bfa                __vector_11

.text.__vector_12
                0x00000c0e       0x14
 .text.__vector_12
                0x00000c0e       0x14 build/default/debug/main.o
                0x00000c0e                __vector_12

.text.__vector_13
                0x00000792       0xc4
 .text.__vector_13
                0x00000792       0xc4 build/default/debug/main.o
                0x00000792                __vector_13

.data._colors   0x00803f0a       0x4b load address 0x00000c70
 .data._colors  0x00803f0a       0x4b build/default/debug/main.o

.bss._voices    0x00803f55       0x1b
 .bss._voices   0x00803f55       0x1b build/default/debug/main.o

.data._vNum     0x00803f74        0x1 load address 0x00000cbb
 .data._vNum    0x00803f74        0x1 build/default/debug/main.o
                0x00803f74                _vNum

.bss._pinDebounce
                0x00803f70        0x2
 .bss._pinDebounce
                0x00803f70        0x2 build/default/debug/main.o
                0x00803f70                _pinDebounce

.bss._displayEnabled
                0x00803f75        0x1
 .bss._displayEnabled
                0x00803f75        0x1 build/default/debug/main.o
                0x00803f75                _displayEnabled

.bss._colorStep
                0x00803f76        0x1
 .bss._colorStep
                0x00803f76        0x1 build/default/debug/main.o
                0x00803f76                _colorStep

.bss._displayMode
                0x00803f77        0x1
 .bss._displayMode
                0x00803f77        0x1 build/default/debug/main.o
                0x00803f77                _displayMode

.bss._updateDisplayFlag
                0x00803f72        0x2
 .bss._updateDisplayFlag
                0x00803f72        0x2 build/default/debug/main.o
                0x00803f72                _updateDisplayFlag

.bss._rxNoteStatus
                0x00803f78        0x1
 .bss._rxNoteStatus
                0x00803f78        0x1 build/default/debug/main.o
                0x00803f78                _rxNoteStatus

.bss._noteIn    0x00803f79        0x1
 .bss._noteIn   0x00803f79        0x1 build/default/debug/main.o
                0x00803f79                _noteIn

.text.libgcc.div
                0x00000b3e       0x26
 .text.libgcc.div
                0x00000b3e       0x26 c:/program files (x86)/microchip/xc8/v2.05/avr/bin/../lib/gcc/avr/5.4.0/avrxmega3/short-calls\libgcc.a(_divmodhi4.o)
                0x00000b3e                _div
                0x00000b3e                __divmodhi4

.text.libgcc.div
                0x00000af0       0x28
 .text.libgcc.div
                0x00000af0       0x28 c:/program files (x86)/microchip/xc8/v2.05/avr/bin/../lib/gcc/avr/5.4.0/avrxmega3/short-calls\libgcc.a(_udivmodhi4.o)
                0x00000af0                __udivmodhi4
