Archive member included to satisfy reference by file (symbol)

c:/program files (x86)/microchip/xc8/v2.05/avr/bin/../lib/gcc/avr/5.4.0/avrxmega3/short-calls\libgcc.a(_divmodhi4.o)
                              build/default/production/main.o (__divmodhi4)
c:/program files (x86)/microchip/xc8/v2.05/avr/bin/../lib/gcc/avr/5.4.0/avrxmega3/short-calls\libgcc.a(_exit.o)
                              C:/Program Files (x86)/Microchip/xc8/v2.05/dfp/gcc/dev/attiny412/avrxmega3/short-calls/crtattiny412.o (exit)
c:/program files (x86)/microchip/xc8/v2.05/avr/bin/../lib/gcc/avr/5.4.0/avrxmega3/short-calls\libgcc.a(_copy_data.o)
                              build/default/production/main.o (__do_copy_data)
c:/program files (x86)/microchip/xc8/v2.05/avr/bin/../lib/gcc/avr/5.4.0/avrxmega3/short-calls\libgcc.a(_udivmodhi4.o)
                              c:/program files (x86)/microchip/xc8/v2.05/avr/bin/../lib/gcc/avr/5.4.0/avrxmega3/short-calls\libgcc.a(_divmodhi4.o) (__udivmodhi4)

Allocating common symbols
Common symbol       size              file

_voice0Out          0x1               build/default/production/main.o
_pitchBend1         0x2               build/default/production/main.o
_voice2Out          0x1               build/default/production/main.o
_pitchBend2         0x2               build/default/production/main.o
_pitchBend3         0x2               build/default/production/main.o
_voice1Out          0x1               build/default/production/main.o
_voice3Out          0x1               build/default/production/main.o
_pitchBend0         0x2               build/default/production/main.o
_pitchBendVal       0x1               build/default/production/main.o

Discarded input sections

 .data          0x00000000        0x0 C:/Program Files (x86)/Microchip/xc8/v2.05/dfp/gcc/dev/attiny412/avrxmega3/short-calls/crtattiny412.o
 .bss           0x00000000        0x0 C:/Program Files (x86)/Microchip/xc8/v2.05/dfp/gcc/dev/attiny412/avrxmega3/short-calls/crtattiny412.o
 .text          0x00000000        0x0 build/default/production/main.o
 .data          0x00000000        0x0 build/default/production/main.o
 .bss           0x00000000        0x0 build/default/production/main.o
 .text.initDisplayModePin
                0x00000000        0x8 build/default/production/main.o
 .avr.prop      0x00000000       0x16 build/default/production/main.o
 .text          0x00000000        0x0 c:/program files (x86)/microchip/xc8/v2.05/avr/bin/../lib/gcc/avr/5.4.0/avrxmega3/short-calls\libgcc.a(_divmodhi4.o)
 .data          0x00000000        0x0 c:/program files (x86)/microchip/xc8/v2.05/avr/bin/../lib/gcc/avr/5.4.0/avrxmega3/short-calls\libgcc.a(_divmodhi4.o)
 .bss           0x00000000        0x0 c:/program files (x86)/microchip/xc8/v2.05/avr/bin/../lib/gcc/avr/5.4.0/avrxmega3/short-calls\libgcc.a(_divmodhi4.o)
 .text.libgcc.mul
                0x00000000        0x0 c:/program files (x86)/microchip/xc8/v2.05/avr/bin/../lib/gcc/avr/5.4.0/avrxmega3/short-calls\libgcc.a(_divmodhi4.o)
 .text.libgcc   0x00000000        0x0 c:/program files (x86)/microchip/xc8/v2.05/avr/bin/../lib/gcc/avr/5.4.0/avrxmega3/short-calls\libgcc.a(_divmodhi4.o)
 .text.libgcc.prologue
                0x00000000        0x0 c:/program files (x86)/microchip/xc8/v2.05/avr/bin/../lib/gcc/avr/5.4.0/avrxmega3/short-calls\libgcc.a(_divmodhi4.o)
 .text.libgcc.builtins
                0x00000000        0x0 c:/program files (x86)/microchip/xc8/v2.05/avr/bin/../lib/gcc/avr/5.4.0/avrxmega3/short-calls\libgcc.a(_divmodhi4.o)
 .text.libgcc.fmul
                0x00000000        0x0 c:/program files (x86)/microchip/xc8/v2.05/avr/bin/../lib/gcc/avr/5.4.0/avrxmega3/short-calls\libgcc.a(_divmodhi4.o)
 .text.libgcc.fixed
                0x00000000        0x0 c:/program files (x86)/microchip/xc8/v2.05/avr/bin/../lib/gcc/avr/5.4.0/avrxmega3/short-calls\libgcc.a(_divmodhi4.o)
 .text          0x00000000        0x0 c:/program files (x86)/microchip/xc8/v2.05/avr/bin/../lib/gcc/avr/5.4.0/avrxmega3/short-calls\libgcc.a(_exit.o)
 .data          0x00000000        0x0 c:/program files (x86)/microchip/xc8/v2.05/avr/bin/../lib/gcc/avr/5.4.0/avrxmega3/short-calls\libgcc.a(_exit.o)
 .bss           0x00000000        0x0 c:/program files (x86)/microchip/xc8/v2.05/avr/bin/../lib/gcc/avr/5.4.0/avrxmega3/short-calls\libgcc.a(_exit.o)
 .text.libgcc.mul
                0x00000000        0x0 c:/program files (x86)/microchip/xc8/v2.05/avr/bin/../lib/gcc/avr/5.4.0/avrxmega3/short-calls\libgcc.a(_exit.o)
 .text.libgcc.div
                0x00000000        0x0 c:/program files (x86)/microchip/xc8/v2.05/avr/bin/../lib/gcc/avr/5.4.0/avrxmega3/short-calls\libgcc.a(_exit.o)
 .text.libgcc   0x00000000        0x0 c:/program files (x86)/microchip/xc8/v2.05/avr/bin/../lib/gcc/avr/5.4.0/avrxmega3/short-calls\libgcc.a(_exit.o)
 .text.libgcc.prologue
                0x00000000        0x0 c:/program files (x86)/microchip/xc8/v2.05/avr/bin/../lib/gcc/avr/5.4.0/avrxmega3/short-calls\libgcc.a(_exit.o)
 .text.libgcc.builtins
                0x00000000        0x0 c:/program files (x86)/microchip/xc8/v2.05/avr/bin/../lib/gcc/avr/5.4.0/avrxmega3/short-calls\libgcc.a(_exit.o)
 .text.libgcc.fmul
                0x00000000        0x0 c:/program files (x86)/microchip/xc8/v2.05/avr/bin/../lib/gcc/avr/5.4.0/avrxmega3/short-calls\libgcc.a(_exit.o)
 .text.libgcc.fixed
                0x00000000        0x0 c:/program files (x86)/microchip/xc8/v2.05/avr/bin/../lib/gcc/avr/5.4.0/avrxmega3/short-calls\libgcc.a(_exit.o)
 .text          0x00000000        0x0 c:/program files (x86)/microchip/xc8/v2.05/avr/bin/../lib/gcc/avr/5.4.0/avrxmega3/short-calls\libgcc.a(_copy_data.o)
 .data          0x00000000        0x0 c:/program files (x86)/microchip/xc8/v2.05/avr/bin/../lib/gcc/avr/5.4.0/avrxmega3/short-calls\libgcc.a(_copy_data.o)
 .bss           0x00000000        0x0 c:/program files (x86)/microchip/xc8/v2.05/avr/bin/../lib/gcc/avr/5.4.0/avrxmega3/short-calls\libgcc.a(_copy_data.o)
 .text.libgcc.mul
                0x00000000        0x0 c:/program files (x86)/microchip/xc8/v2.05/avr/bin/../lib/gcc/avr/5.4.0/avrxmega3/short-calls\libgcc.a(_copy_data.o)
 .text.libgcc.div
                0x00000000        0x0 c:/program files (x86)/microchip/xc8/v2.05/avr/bin/../lib/gcc/avr/5.4.0/avrxmega3/short-calls\libgcc.a(_copy_data.o)
 .text.libgcc   0x00000000        0x0 c:/program files (x86)/microchip/xc8/v2.05/avr/bin/../lib/gcc/avr/5.4.0/avrxmega3/short-calls\libgcc.a(_copy_data.o)
 .text.libgcc.prologue
                0x00000000        0x0 c:/program files (x86)/microchip/xc8/v2.05/avr/bin/../lib/gcc/avr/5.4.0/avrxmega3/short-calls\libgcc.a(_copy_data.o)
 .text.libgcc.builtins
                0x00000000        0x0 c:/program files (x86)/microchip/xc8/v2.05/avr/bin/../lib/gcc/avr/5.4.0/avrxmega3/short-calls\libgcc.a(_copy_data.o)
 .text.libgcc.fmul
                0x00000000        0x0 c:/program files (x86)/microchip/xc8/v2.05/avr/bin/../lib/gcc/avr/5.4.0/avrxmega3/short-calls\libgcc.a(_copy_data.o)
 .text.libgcc.fixed
                0x00000000        0x0 c:/program files (x86)/microchip/xc8/v2.05/avr/bin/../lib/gcc/avr/5.4.0/avrxmega3/short-calls\libgcc.a(_copy_data.o)
 .text          0x00000000        0x0 c:/program files (x86)/microchip/xc8/v2.05/avr/bin/../lib/gcc/avr/5.4.0/avrxmega3/short-calls\libgcc.a(_udivmodhi4.o)
 .data          0x00000000        0x0 c:/program files (x86)/microchip/xc8/v2.05/avr/bin/../lib/gcc/avr/5.4.0/avrxmega3/short-calls\libgcc.a(_udivmodhi4.o)
 .bss           0x00000000        0x0 c:/program files (x86)/microchip/xc8/v2.05/avr/bin/../lib/gcc/avr/5.4.0/avrxmega3/short-calls\libgcc.a(_udivmodhi4.o)
 .text.libgcc.mul
                0x00000000        0x0 c:/program files (x86)/microchip/xc8/v2.05/avr/bin/../lib/gcc/avr/5.4.0/avrxmega3/short-calls\libgcc.a(_udivmodhi4.o)
 .text.libgcc   0x00000000        0x0 c:/program files (x86)/microchip/xc8/v2.05/avr/bin/../lib/gcc/avr/5.4.0/avrxmega3/short-calls\libgcc.a(_udivmodhi4.o)
 .text.libgcc.prologue
                0x00000000        0x0 c:/program files (x86)/microchip/xc8/v2.05/avr/bin/../lib/gcc/avr/5.4.0/avrxmega3/short-calls\libgcc.a(_udivmodhi4.o)
 .text.libgcc.builtins
                0x00000000        0x0 c:/program files (x86)/microchip/xc8/v2.05/avr/bin/../lib/gcc/avr/5.4.0/avrxmega3/short-calls\libgcc.a(_udivmodhi4.o)
 .text.libgcc.fmul
                0x00000000        0x0 c:/program files (x86)/microchip/xc8/v2.05/avr/bin/../lib/gcc/avr/5.4.0/avrxmega3/short-calls\libgcc.a(_udivmodhi4.o)
 .text.libgcc.fixed
                0x00000000        0x0 c:/program files (x86)/microchip/xc8/v2.05/avr/bin/../lib/gcc/avr/5.4.0/avrxmega3/short-calls\libgcc.a(_udivmodhi4.o)

Memory Configuration

Name             Origin             Length             Attributes
text             0x00000000         0x00001000         xr
data             0x00803f00         0x00000100         rw !x
eeprom           0x00810000         0x00000080         rw !x
fuse             0x00820000         0x00000009         rw !x
lock             0x00830000         0x00000400         rw !x
signature        0x00840000         0x00000400         rw !x
user_signatures  0x00850000         0x00000400         rw !x
*default*        0x00000000         0xffffffff

Linker script and memory map

Address of section .data set to 0x803f00
                0x00008000                __RODATA_PM_OFFSET__ = 0x8000
LOAD C:/Program Files (x86)/Microchip/xc8/v2.05/dfp/gcc/dev/attiny412/avrxmega3/short-calls/crtattiny412.o
                0x00000001                __MPLAB_BUILD = 0x1
LOAD build/default/production/main.o
START GROUP
LOAD c:/program files (x86)/microchip/xc8/v2.05/avr/bin/../lib/gcc/avr/5.4.0/../../../../avr/lib/avrxmega3/short-calls\libm.a
END GROUP
START GROUP
LOAD c:/program files (x86)/microchip/xc8/v2.05/avr/bin/../lib/gcc/avr/5.4.0/avrxmega3/short-calls\libgcc.a
LOAD c:/program files (x86)/microchip/xc8/v2.05/avr/bin/../lib/gcc/avr/5.4.0/../../../../avr/lib/avrxmega3/short-calls\libm.a
LOAD c:/program files (x86)/microchip/xc8/v2.05/avr/bin/../lib/gcc/avr/5.4.0/../../../../avr/lib/avrxmega3/short-calls\libc.a
LOAD C:/Program Files (x86)/Microchip/xc8/v2.05/dfp/gcc/dev/attiny412/avrxmega3/short-calls\libattiny412.a
END GROUP
                [0x00000000]                __TEXT_REGION_ORIGIN__ = DEFINED (__TEXT_REGION_ORIGIN__)?__TEXT_REGION_ORIGIN__:0x0
                [0x00803f00]                __DATA_REGION_ORIGIN__ = DEFINED (__DATA_REGION_ORIGIN__)?__DATA_REGION_ORIGIN__:0x802000
                [0x00001000]                __TEXT_REGION_LENGTH__ = DEFINED (__TEXT_REGION_LENGTH__)?__TEXT_REGION_LENGTH__:0x100000
                [0x00000100]                __DATA_REGION_LENGTH__ = DEFINED (__DATA_REGION_LENGTH__)?__DATA_REGION_LENGTH__:0xffa0
                [0x00000080]                __EEPROM_REGION_LENGTH__ = DEFINED (__EEPROM_REGION_LENGTH__)?__EEPROM_REGION_LENGTH__:0x10000
                [0x00000009]                __FUSE_REGION_LENGTH__ = DEFINED (__FUSE_REGION_LENGTH__)?__FUSE_REGION_LENGTH__:0x400
                0x00000400                __LOCK_REGION_LENGTH__ = DEFINED (__LOCK_REGION_LENGTH__)?__LOCK_REGION_LENGTH__:0x400
                0x00000400                __SIGNATURE_REGION_LENGTH__ = DEFINED (__SIGNATURE_REGION_LENGTH__)?__SIGNATURE_REGION_LENGTH__:0x400
                0x00000400                __USER_SIGNATURE_REGION_LENGTH__ = DEFINED (__USER_SIGNATURE_REGION_LENGTH__)?__USER_SIGNATURE_REGION_LENGTH__:0x400
                0x00008000                __RODATA_PM_OFFSET__ = DEFINED (__RODATA_PM_OFFSET__)?__RODATA_PM_OFFSET__:0x8000

.hash
 *(.hash)

.dynsym
 *(.dynsym)

.dynstr
 *(.dynstr)

.gnu.version
 *(.gnu.version)

.gnu.version_d
 *(.gnu.version_d)

.gnu.version_r
 *(.gnu.version_r)

.rel.init
 *(.rel.init)

.rela.init
 *(.rela.init)

.rel.text
 *(.rel.text)
 *(.rel.text.*)
 *(.rel.gnu.linkonce.t*)

.rela.text
 *(.rela.text)
 *(.rela.text.*)
 *(.rela.gnu.linkonce.t*)

.rel.fini
 *(.rel.fini)

.rela.fini
 *(.rela.fini)

.rel.rodata
 *(.rel.rodata)
 *(.rel.rodata.*)
 *(.rel.gnu.linkonce.r*)

.rela.rodata
 *(.rela.rodata)
 *(.rela.rodata.*)
 *(.rela.gnu.linkonce.r*)

.rel.data
 *(.rel.data)
 *(.rel.data.*)
 *(.rel.gnu.linkonce.d*)

.rela.data
 *(.rela.data)
 *(.rela.data.*)
 *(.rela.gnu.linkonce.d*)

.rel.ctors
 *(.rel.ctors)

.rela.ctors
 *(.rela.ctors)

.rel.dtors
 *(.rel.dtors)

.rela.dtors
 *(.rela.dtors)

.rel.got
 *(.rel.got)

.rela.got
 *(.rela.got)

.rel.bss
 *(.rel.bss)

.rela.bss
 *(.rela.bss)

.rel.plt
 *(.rel.plt)

.rela.plt
 *(.rela.plt)

.text           0x00000000       0xda
 *(.vectors)
 .vectors       0x00000000       0x34 C:/Program Files (x86)/Microchip/xc8/v2.05/dfp/gcc/dev/attiny412/avrxmega3/short-calls/crtattiny412.o
                0x00000000                __vector_default
                0x00000000                __vectors
 *(.vectors)
 *(.progmem.gcc*)
 .progmem.gcc_sw_table.updateDisplay
                0x00000034       0x10 build/default/production/main.o
 *(.dinit)
 .dinit         0x00000044       0x45 data_init
                0x0000008a                . = ALIGN (0x2)
 *fill*         0x00000089        0x1 
                0x0000008a                __trampolines_start = .
 *(.trampolines)
 .trampolines   0x0000008a        0x0 linker stubs
 *(.trampolines*)
                0x0000008a                __trampolines_end = .
 *libprintf_flt.a:*(.progmem.data)
 *libc.a:*(.progmem.data)
                0x0000008a                . = ALIGN (0x2)
 *(.jumptables)
 *(.jumptables*)
 *(.lowtext)
 *(.lowtext*)
                0x0000008a                __ctors_start = .
 *(.ctors)
                0x0000008a                __ctors_end = .
                0x0000008a                __dtors_start = .
 *(.dtors)
                0x0000008a                __dtors_end = .
 SORT(*)(.ctors)
 SORT(*)(.dtors)
 *(.init0)
 .init0         0x0000008a        0x0 C:/Program Files (x86)/Microchip/xc8/v2.05/dfp/gcc/dev/attiny412/avrxmega3/short-calls/crtattiny412.o
                0x0000008a                __init
 *(.init0)
 *(.init1)
 *(.init1)
 *(.init2)
 .init2         0x0000008a        0xc C:/Program Files (x86)/Microchip/xc8/v2.05/dfp/gcc/dev/attiny412/avrxmega3/short-calls/crtattiny412.o
 *(.init2)
 *(.init3)
 *(.init3)
 *(.init4)
 .init4         0x00000096       0x3c c:/program files (x86)/microchip/xc8/v2.05/avr/bin/../lib/gcc/avr/5.4.0/avrxmega3/short-calls\libgcc.a(_copy_data.o)
                0x00000096                __do_copy_data
                0x000000c4                __do_clear_bss
 *(.init4)
 *(.init5)
 *(.init5)
 *(.init6)
 *(.init6)
 *(.init7)
 *(.init7)
 *(.init8)
 *(.init8)
 *(.init9)
 .init9         0x000000d2        0x4 C:/Program Files (x86)/Microchip/xc8/v2.05/dfp/gcc/dev/attiny412/avrxmega3/short-calls/crtattiny412.o
 *(.init9)
                0x000000d6                . = ALIGN (0x2)
 *(.fini9)
 .fini9         0x000000d6        0x0 c:/program files (x86)/microchip/xc8/v2.05/avr/bin/../lib/gcc/avr/5.4.0/avrxmega3/short-calls\libgcc.a(_exit.o)
                0x000000d6                _exit
                0x000000d6                exit
 *(.fini9)
 *(.fini8)
 *(.fini8)
 *(.fini7)
 *(.fini7)
 *(.fini6)
 *(.fini6)
 *(.fini5)
 *(.fini5)
 *(.fini4)
 *(.fini4)
 *(.fini3)
 *(.fini3)
 *(.fini2)
 *(.fini2)
 *(.fini1)
 *(.fini1)
 *(.fini0)
 .fini0         0x000000d6        0x4 c:/program files (x86)/microchip/xc8/v2.05/avr/bin/../lib/gcc/avr/5.4.0/avrxmega3/short-calls\libgcc.a(_exit.o)
 *(.fini0)
                0x000000da                _etext = .

.rodata         0x008080da       0x63 load address 0x000000da
 *(.rodata)
 *(.rodata*)
 .rodata._colors
                0x008080da       0x4b build/default/production/main.o
 .rodata.noteFreqLUT
                0x00808125       0x18 build/default/production/main.o
 *(.gnu.linkonce.r*)

.data           0x00803f00        0x0 load address 0x0000013d
                [!provide]                PROVIDE (__data_start, .)
 *(.gnu.linkonce.d*)
                0x00803f00                . = ALIGN (0x2)
                0x00803f00                _edata = .
                [!provide]                PROVIDE (__data_end, .)

.bss            0x00803f00        0xd
                [!provide]                PROVIDE (__bss_start, .)
 *(COMMON)
 COMMON         0x00803f00        0xd build/default/production/main.o
                0x00803f00                _voice0Out
                0x00803f01                _pitchBend1
                0x00803f03                _voice2Out
                0x00803f04                _pitchBend2
                0x00803f06                _pitchBend3
                0x00803f08                _voice1Out
                0x00803f09                _voice3Out
                0x00803f0a                _pitchBend0
                0x00803f0c                _pitchBendVal
                [!provide]                PROVIDE (__bss_end, .)
                0x0000013d                __data_load_start = LOADADDR (.data)
                0x0000013d                __data_load_end = (__data_load_start + SIZEOF (.data))

.noinit         0x00803f0d        0x0
                [!provide]                PROVIDE (__noinit_start, .)
 *(.noinit*)
                [!provide]                PROVIDE (__noinit_end, .)
                0x00803f0d                _end = .

.eeprom         0x00810000        0x0
 *(.eeprom*)
                0x00810000                __eeprom_end = .

.fuse
 *(.fuse)
 *(.lfuse)
 *(.hfuse)
 *(.efuse)

.lock
 *(.lock*)

.signature
 *(.signature*)

.user_signatures
 *(.user_signatures*)

.stab
 *(.stab)

.stabstr
 *(.stabstr)

.stab.excl
 *(.stab.excl)

.stab.exclstr
 *(.stab.exclstr)

.stab.index
 *(.stab.index)

.stab.indexstr
 *(.stab.indexstr)

.comment        0x00000000       0x2f
 *(.comment)
 .comment       0x00000000       0x2f build/default/production/main.o
                                 0x30 (size before relaxing)

.note.gnu.build-id
 *(.note.gnu.build-id)

.debug
 *(.debug)

.line
 *(.line)

.debug_srcinfo
 *(.debug_srcinfo)

.debug_sfnames
 *(.debug_sfnames)

.debug_aranges  0x00000000      0x100
 *(.debug_aranges)
 .debug_aranges
                0x00000000      0x100 build/default/production/main.o

.debug_pubnames
 *(.debug_pubnames)

.debug_info     0x00000000     0x3f52
 *(.debug_info .gnu.linkonce.wi.*)
 .debug_info    0x00000000     0x1410 C:/Program Files (x86)/Microchip/xc8/v2.05/dfp/gcc/dev/attiny412/avrxmega3/short-calls/crtattiny412.o
 .debug_info    0x00001410     0x2b42 build/default/production/main.o

.debug_abbrev   0x00000000     0x1615
 *(.debug_abbrev)
 .debug_abbrev  0x00000000     0x12fa C:/Program Files (x86)/Microchip/xc8/v2.05/dfp/gcc/dev/attiny412/avrxmega3/short-calls/crtattiny412.o
 .debug_abbrev  0x000012fa      0x31b build/default/production/main.o

.debug_line     0x00000000      0xe04
 *(.debug_line .debug_line.* .debug_line_end)
 .debug_line    0x00000000      0x136 C:/Program Files (x86)/Microchip/xc8/v2.05/dfp/gcc/dev/attiny412/avrxmega3/short-calls/crtattiny412.o
 .debug_line    0x00000136      0xcce build/default/production/main.o

.debug_frame    0x00000000      0x3ec
 *(.debug_frame)
 .debug_frame   0x00000000      0x3ec build/default/production/main.o

.debug_str      0x00000000      0xbc2
 *(.debug_str)
 .debug_str     0x00000000      0x89b C:/Program Files (x86)/Microchip/xc8/v2.05/dfp/gcc/dev/attiny412/avrxmega3/short-calls/crtattiny412.o
 .debug_str     0x0000089b      0x327 build/default/production/main.o

.debug_loc      0x00000000      0xaa2
 *(.debug_loc)
 .debug_loc     0x00000000      0xaa2 build/default/production/main.o

.debug_macinfo
 *(.debug_macinfo)

.debug_weaknames
 *(.debug_weaknames)

.debug_funcnames
 *(.debug_funcnames)

.debug_typenames
 *(.debug_typenames)

.debug_varnames
 *(.debug_varnames)

.debug_pubtypes
 *(.debug_pubtypes)

.debug_ranges   0x00000000       0xf0
 *(.debug_ranges)
 .debug_ranges  0x00000000       0xf0 build/default/production/main.o

.debug_macro
 *(.debug_macro)
OUTPUT(dist/default/production/ATTINY412_MIDI_BASIC.production.elf elf32-avr)
LOAD linker stubs
LOAD data_init

.text           0x00000f4c        0x2
 .text          0x00000f4c        0x2 C:/Program Files (x86)/Microchip/xc8/v2.05/dfp/gcc/dev/attiny412/avrxmega3/short-calls/crtattiny412.o
                0x00000f4c                __vector_1
                0x00000f4c                __vector_24
                0x00000f4c                __bad_interrupt
                0x00000f4c                __vector_6
                0x00000f4c                __vector_3
                0x00000f4c                __vector_23
                0x00000f4c                __vector_25
                0x00000f4c                __vector_17
                0x00000f4c                __vector_19
                0x00000f4c                __vector_7
                0x00000f4c                __vector_5
                0x00000f4c                __vector_4
                0x00000f4c                __vector_9
                0x00000f4c                __vector_2
                0x00000f4c                __vector_21
                0x00000f4c                __vector_15
                0x00000f4c                __vector_8
                0x00000f4c                __vector_16
                0x00000f4c                __vector_18
                0x00000f4c                __vector_20

.note.gnu.avr.deviceinfo
                0x00000000       0x3c
 .note.gnu.avr.deviceinfo
                0x00000000       0x3c C:/Program Files (x86)/Microchip/xc8/v2.05/dfp/gcc/dev/attiny412/avrxmega3/short-calls/crtattiny412.o

.text.initClock
                0x00000f30        0xa
 .text.initClock
                0x00000f30        0xa build/default/production/main.o
                0x00000f30                initClock

.text.initDAC   0x00000ede       0x18
 .text.initDAC  0x00000ede       0x18 build/default/production/main.o
                0x00000ede                initDAC

.text.initTimers
                0x00000de6       0x30
 .text.initTimers
                0x00000de6       0x30 build/default/production/main.o
                0x00000de6                initTimers

.text.initMIDIUART
                0x00000eba       0x24
 .text.initMIDIUART
                0x00000eba       0x24 build/default/production/main.o
                0x00000eba                initMIDIUART

.text.initRGBSPI
                0x00000ef6       0x18
 .text.initRGBSPI
                0x00000ef6       0x18 build/default/production/main.o
                0x00000ef6                initRGBSPI

.text.initInterrupts
                0x00000f44        0x8
 .text.initInterrupts
                0x00000f44        0x8 build/default/production/main.o
                0x00000f44                initInterrupts

.text.sendSPI   0x00000f20       0x10
 .text.sendSPI  0x00000f20       0x10 build/default/production/main.o
                0x00000f20                sendSPI

.text.getNoteFreq
                0x00000d24       0x46
 .text.getNoteFreq
                0x00000d24       0x46 build/default/production/main.o
                0x00000d24                getNoteFreq

.text.calcPitchBend
                0x00000822       0xba
 .text.calcPitchBend
                0x00000822       0xba build/default/production/main.o
                0x00000822                calcPitchBend

.text.calcPitchBends
                0x00000c2a       0x5c
 .text.calcPitchBends
                0x00000c2a       0x5c build/default/production/main.o
                0x00000c2a                calcPitchBends

.text.getNextVoice
                0x00000d6a       0x3e
 .text.getNextVoice
                0x00000d6a       0x3e build/default/production/main.o
                0x00000d6a                getNextVoice

.text.activateVoice
                0x00000b4c       0x74
 .text.activateVoice
                0x00000b4c       0x74 build/default/production/main.o
                0x00000b4c                activateVoice

.text.deactivateVoice
                0x00000cd8       0x4c
 .text.deactivateVoice
                0x00000cd8       0x4c build/default/production/main.o
                0x00000cd8                deactivateVoice

.text.noteOff   0x00000e16       0x30
 .text.noteOff  0x00000e16       0x30 build/default/production/main.o
                0x00000e16                noteOff

.text.noteOn    0x00000c86       0x52
 .text.noteOn   0x00000c86       0x52 build/default/production/main.o
                0x00000c86                noteOn

.text.sendStartOfFrame
                0x00000f0e       0x12
 .text.sendStartOfFrame
                0x00000f0e       0x12 build/default/production/main.o
                0x00000f0e                sendStartOfFrame

.text.sendEndOfFrame
                0x00000f3a        0xa
 .text.sendEndOfFrame
                0x00000f3a        0xa build/default/production/main.o
                0x00000f3a                sendEndOfFrame

.text.blankDisplay
                0x00000e6e       0x26
 .text.blankDisplay
                0x00000e6e       0x26 build/default/production/main.o
                0x00000e6e                blankDisplay

.text.displayFreqVU
                0x000008dc       0x7e
 .text.displayFreqVU
                0x000008dc       0x7e build/default/production/main.o
                0x000008dc                displayFreqVU

.text.showMidiStatusDisplay
                0x00000ad4       0x78
 .text.showMidiStatusDisplay
                0x00000ad4       0x78 build/default/production/main.o
                0x00000ad4                showMidiStatusDisplay

.text.updateDisplay
                0x0000013e      0x3fc
 .text.updateDisplay
                0x0000013e      0x3fc build/default/production/main.o
                0x0000013e                updateDisplay

.text.main      0x00000da8       0x3e
 .text.main     0x00000da8       0x3e build/default/production/main.o
                0x00000da8                main

.text.__vector_22
                0x0000053a      0x21c
 .text.__vector_22
                0x0000053a      0x21c build/default/production/main.o
                0x0000053a                __vector_22

.text.__vector_10
                0x0000095a       0x7e
 .text.__vector_10
                0x0000095a       0x7e build/default/production/main.o
                0x0000095a                __vector_10

.text.__vector_11
                0x000009d8       0x7e
 .text.__vector_11
                0x000009d8       0x7e build/default/production/main.o
                0x000009d8                __vector_11

.text.__vector_12
                0x00000a56       0x7e
 .text.__vector_12
                0x00000a56       0x7e build/default/production/main.o
                0x00000a56                __vector_12

.text.__vector_13
                0x00000bc0       0x6a
 .text.__vector_13
                0x00000bc0       0x6a build/default/production/main.o
                0x00000bc0                __vector_13

.text.__vector_14
                0x00000756       0xcc
 .text.__vector_14
                0x00000756       0xcc build/default/production/main.o
                0x00000756                __vector_14

.bss._voices    0x00803f0d       0x14
 .bss._voices   0x00803f0d       0x14 build/default/production/main.o

.bss._midiStatusDisplayCount
                0x00803f25        0x2
 .bss._midiStatusDisplayCount
                0x00803f25        0x2 build/default/production/main.o
                0x00803f25                _midiStatusDisplayCount

.bss._midiStatusDisplayFlag
                0x00803f27        0x2
 .bss._midiStatusDisplayFlag
                0x00803f27        0x2 build/default/production/main.o
                0x00803f27                _midiStatusDisplayFlag

.data._startPlayDisplayColor
                0x00803f21        0x4 load address 0x00000f4e
 .data._startPlayDisplayColor
                0x00803f21        0x4 build/default/production/main.o
                0x00803f21                _startPlayDisplayColor

.data._fileIndex
                0x00803f29        0x2 load address 0x00000f52
 .data._fileIndex
                0x00803f29        0x2 build/default/production/main.o
                0x00803f29                _fileIndex

.bss._pinDebounce
                0x00803f2b        0x2
 .bss._pinDebounce
                0x00803f2b        0x2 build/default/production/main.o
                0x00803f2b                _pinDebounce

.bss._displayEnabled
                0x00803f2f        0x1
 .bss._displayEnabled
                0x00803f2f        0x1 build/default/production/main.o
                0x00803f2f                _displayEnabled

.bss._colorStep
                0x00803f30        0x1
 .bss._colorStep
                0x00803f30        0x1 build/default/production/main.o
                0x00803f30                _colorStep

.bss._displayMode
                0x00803f31        0x1
 .bss._displayMode
                0x00803f31        0x1 build/default/production/main.o
                0x00803f31                _displayMode

.bss._updateDisplayFlag
                0x00803f2d        0x2
 .bss._updateDisplayFlag
                0x00803f2d        0x2 build/default/production/main.o
                0x00803f2d                _updateDisplayFlag

.bss._rxNoteStatus
                0x00803f32        0x1
 .bss._rxNoteStatus
                0x00803f32        0x1 build/default/production/main.o
                0x00803f32                _rxNoteStatus

.bss._noteIn    0x00803f33        0x1
 .bss._noteIn   0x00803f33        0x1 build/default/production/main.o
                0x00803f33                _noteIn

.text.libgcc.div
                0x00000e94       0x26
 .text.libgcc.div
                0x00000e94       0x26 c:/program files (x86)/microchip/xc8/v2.05/avr/bin/../lib/gcc/avr/5.4.0/avrxmega3/short-calls\libgcc.a(_divmodhi4.o)
                0x00000e94                _div
                0x00000e94                __divmodhi4

.text.libgcc.div
                0x00000e46       0x28
 .text.libgcc.div
                0x00000e46       0x28 c:/program files (x86)/microchip/xc8/v2.05/avr/bin/../lib/gcc/avr/5.4.0/avrxmega3/short-calls\libgcc.a(_udivmodhi4.o)
                0x00000e46                __udivmodhi4
